     1                                  [DEFAULT REL]
     2                                  BITS 64
     3                                  %include "./src/inc/sm.inc"
     1                              <1> ;Structures and equates for SM.EXE
     2                              <1> 
     3                              <1> SM_SESSION  equ 0       ;Session number for Session Manager
     4                              <1> SM_SIG_2F   equ 0Ah     ;Session Manager multiplex number
     5                              <1> 
     6                              <1> ;Critical Lock
     7                              <1> struc critLock
     8 00000000 ????????            <1>     .dCount dd ?    ;When this is zero, the lock is free
     9                              <1> endstruc
    10                              <1> 
    11                              <1> 
    12                              <1> struc psda  ;Per-Session Data Area
    13 00000000 ????????????????    <1>     .pInt22h    dq ?    ;Int 22h handler on session switch
    14 00000008 ????????????????    <1>     .pInt23h    dq ?    ;Int 23h handler on session switch
    15 00000010 ????????????????    <1>     .pInt24h    dq ?    ;Int 24h handler on session switch
    16 00000018 ????????????????    <1>     .pInt2Eh    dq ?    ;Int 2Eh handler on session switch (for master CMD)
    17 00000020 ????????????????    <1>     .qRSP       dq ?    ;RSP on session switch
    18 00000028 <res 80h>           <1>     .sRegsTbl   dq 16 dup (?)   ;Register storage location
    19                              <1>     .boS:
    20                              <1> ;    alignb 16
    21                              <1> ;    .pFPUState  dq 512 dup (?)  ;Extended state storage
    22                              <1>     .sdaCopy:           ;Copy of the DOS sda for this session when not active
    23                              <1> endstruc
    24                              <1> 
    25                              <1> 
    26                              <1> struc mScrCap   ;Communication packet with MCON
    27 00000000 ????                <1>     .wVer       dw ?    ;Upper byte, Major num (1). Lower byte, minor num (0)
    28 00000002 ????                <1>     .wLen       dw ?    ;Length of structure (15 bytes)
    29 00000004 ????                <1>     .wMagic     dw ?    ;Magic key combo (scancode/ASCII)
    30 00000006 ??                  <1>     .bScrNum    db ?    ;Number of screens supported by driver
    31 00000007 ????????????????    <1>     .qHlpPtr    dq ?    ;Pointer to the mCon help routine
    32                              <1> endstruc
    33                              <1> magicCode equ 7100h ;Scancode/ASCII code of ALT+F10
     4                                  %include "./src/inc/dosStruc.inc"
     1                              <1> ;Structures and equates coming from DOS
     2                              <1> 
     3                              <1> ;Load program structure
     4                              <1> struc loadProg
     5 00000000 ????????????????    <1>     .pEnv       resq 1  ;Ptr to environment block (or 0 => copy parent env)
     6 00000008 ????????????????    <1>     .pCmdLine   resq 1  ;Ptr to the command line to be placed at PSP + 80h
     7 00000010 ????????????????    <1>     .pfcb1      resq 1  ;Ptr to the first FCB (parsed argument 1)
     8 00000018 ????????????????    <1>     .pfcb2      resq 1  ;Ptr to the second FCB  (parsed argument 2)
     9 00000020 ????????????????    <1>     .initRSP    resq 1  ;Return the start value for rsp
    10 00000028 ????????????????    <1>     .initRIP    resq 1  ;Return the entry point for the task
    11                              <1> endstruc
    12                              <1> 
    13                              <1> ;Sysvars struct
    14                              <1> drvHdr_size equ 022h
    15                              <1> struc sysVars
    16 00000000 ????????????????    <1>     .dpbHeadPtr  dq ?    
    17 00000008 ????????????????    <1>     .sftHeadPtr  dq ?    
    18 00000010 ????????????????    <1>     .clockPtr    dq ?    
    19 00000018 ????????????????    <1>     .vConPtr     dq ?
    20 00000020 ????                <1>     .maxBytesSec dw ?    
    21 00000022 ????????????????    <1>     .bufHeadPtr  dq ?    
    22 0000002A ????????????????    <1>     .cdsHeadPtr  dq ?    
    23 00000032 ????????????????    <1>     .fcbsHeadPtr dq ?    
    24 0000003A ????                <1>     .numSafeSFCB dw ?    
    25 0000003C ??                  <1>     .numPhysVol  db ?    
    26 0000003D ??                  <1>     .lastdrvNum  db ?
    27 0000003E ??                  <1>     .numBuffers  db ?
    28 0000003F <res 22h>           <1>     .nulDevHdr   db drvHdr_size dup (?)
    29 00000061 ??                  <1>     .numJoinDrv  db ?    
    30 00000062 ??                  <1>     .numFiles    db ?   
    31                              <1> ; ---- dosMgrHooks and fun stuff ----
    32 00000063 ??                  <1>     .dosMgrPresent  db ?    ;Clear if no mgr, else set to -1
    33 00000064 ????????????????    <1>     .launchTask     dq ?    ;Registers a new task
    34 0000006C ????????????????    <1>     .terminateTask  dq ?    ;Called to tell the MGR that this task is ending
    35                              <1> endstruc
    36                              <1> 
    37                              <1> struc sda
    38                              <1> ;Only the fields that we care about are here. These live in the 
    39                              <1> ; "always swap" portion of the SDA
    40                              <1> ;We only really care about inDOS, errorLevel and currentPSP
    41 00000000 ??                  <1>     .critErrFlag db ?  ;Critical error flag, set on entry to Int 24h x
    42 00000001 ??                  <1>     .inDOS       db ?  ;Inc on each DOS call, dec when leaving x
    43 00000002 ??                  <1>     .errorDrv    db ?  ;Drive on which error occured or FFh x
    44 00000003 ??                  <1>     .errorLocus  db ?  ;Where the error took place  
    45 00000004 ????                <1>     .errorExCde  dw ?  ;Extended Error Code
    46 00000006 ??                  <1>     .errorAction db ?  ;Suggested action for error  
    47 00000007 ??                  <1>     .errorClass  db ?  ;Error Class
    48 00000008 ????????????????    <1>     .xInt24RDI   dq ?  ;Preserved rdi across a critical error
    49 00000010 ????????????????    <1>     .currentDTA  dq ?  ;Address of the current DTA x
    50 00000018 ????????????????    <1>     .currentPSP  dq ?  ;Address of current PSP x
    51                              <1> 
    52 00000020 ????????????????    <1>     .xInt23hRSP  dq ?  ;Saves RSP across an Int 23h call
    53 00000028 ????                <1>     .errorLevel  dw ?  ;Last return code returned by Int 21h/4Ch x
    54                              <1>     ;Upper byte: 0=Normal, 1=Abort Occured, 2=CtrlC, 3=TSR 41h/31h
    55                              <1>     ;Lower byte: User Specified
    56 0000002A ??                  <1>     .currentDrv  db ?  ;Default drive x
    57 0000002B ??                  <1>     .breakFlag   db ?  ;If set, check for CTRL+C on all DOS calls x
    58                              <1> endstruc
    59                              <1> 
    60                              <1> dfltJFTsize equ 20  ;Default size of PSP JFT
    61                              <1> struc psp
    62 00000000 ????                <1>     .return     db 2 dup (?)  ;Should always be CDh 20h, same place as DOS
    63 00000002 ????????            <1>     .allocSize  dd ?  ;Number of paras in init alloc or when exiting as TSR.
    64 00000006 ????????            <1>                 dd ?  ;Reserved 4 bytes
    65 0000000A ????????????????    <1>     .oldInt22h  dq ?  ;Int 22h pointer on overlay load
    66 00000012 ????????????????    <1>     .oldInt23h  dq ?  ;Int 23h pointer on overlay load
    67 0000001A ????????????????    <1>     .oldInt24h  dq ?  ;Int 24h pointer on overlay load
    68 00000022 ????????????????    <1>     .parentPtr  dq ?  ;Pointer to parent process PSP
    69                              <1> ;If jftSize > 20, then the QWORD at .jobFileTbl becomes a pointer
    70                              <1> ; to the actual in use JFT and the other 12 bytes are left undefined.
    71                              <1> ;If jftSize < 20 (DOS will never set it so), then it is considered as 20
    72                              <1> ;If the user tries to reduce handle count to 20 or less, then the PSP JFT is 
    73                              <1> ; always used and jftSize.
    74                              <1>     .externalJFTPtr:    ;Ptr to external JFT array (first byte AFTER MCB)
    75 0000002A <res 14h>           <1>     .jobFileTbl db dfltJFTsize dup (?) ;Main File handle array, JFT
    76 0000003E ????????????????    <1>     .envPtr     dq ?  ;Pointer to the environment
    77 00000046 ????????????????    <1>     .rspPtr     dq ?  ;Pointer to rsp on entry to Int 21h
    78 0000004E ????                <1>     .jftSize    dw ?  ;JFT array size, 20 => PSP JFT in use
    79 00000050 ??????              <1>     .unixEntry  db 3 dup (?)  ;Must always be CDh 21h CBh, same place as DOS
    80 00000053 ????????????????    <1>     .prevPSP    dq ?  ;Pointer to the previous PSP in chain (used by SHARE)
    81 0000005B ??                  <1>                 db ?  ;Reserved byte
    82                              <1> ;The below are in the same place as in DOS.
    83                              <1>     .cmdLineArgPtr: ;Symbol for future use
    84 0000005C <res 10h>           <1>     .fcb1       db 16 dup (?)  ;First FCB,    argument 1 
    85 0000006C <res 14h>           <1>     .fcb2       db 20 dup (?)  ;Second FCB,   argument 2
    86                              <1>     .dta:   ;Pointer to the default DTA in the PSP
    87 00000080 ??                  <1>     .parmList   db ?   ;Number of characters in command tail
    88 00000081 <res 7Fh>           <1>     .progTail   db 127 dup (?) ;Default DTA/Program tail
    89                              <1> endstruc
    90                              <1> 
    91                              <1> struc callerFrame
    92 00000000 ????????????????    <1>     .rax    dq ?  ;Bottom of frame, pointer to rax saved in oldRSP
    93 00000008 ????????????????    <1>     .rbx    dq ?    
    94 00000010 ????????????????    <1>     .rcx    dq ?
    95 00000018 ????????????????    <1>     .rdx    dq ?
    96 00000020 ????????????????    <1>     .rsi    dq ?
    97 00000028 ????????????????    <1>     .rdi    dq ?
    98 00000030 ????????????????    <1>     .rbp    dq ?
    99 00000038 ????????????????    <1>     .r8     dq ?  ;To be removed if truly not needed
   100 00000040 ????????????????    <1>     .r9     dq ?
   101                              <1> ;Pushed by Processor when invoked via Interrupt
   102 00000048 ????????????????    <1>     .rip    dq ?
   103 00000050 ????????????????    <1>     .cs     dq ?
   104 00000058 ????????????????    <1>     .flags  dq ?
   105 00000060 ????????????????    <1>     .rsp    dq ?
   106 00000068 ????????????????    <1>     .ss     dq ?
   107                              <1> endstruc
   108                              <1> 
   109                              <1> execLoadGo  equ 0
   110                              <1> execLoad    equ 1
   111                              <1> execInvld   equ 2
   112                              <1> execOverlay equ 3
   113                              <1> execBkgrnd  equ 4
   114                              <1> 
   115                              <1> struc execFrame
   116 00000000 ????????????????    <1>     .oldRBP     dq ?  
   117 00000008 ????????????????    <1>     .bSubFunc   dq ?  ;Subfunction number
   118 00000010 ????????????????    <1>     .wProgHdl   dq ?  ;File handle number for executable file
   119 00000018 ????????????????    <1>     .wNameLen   dq ?  ;Needs to be less than 64 but welp
   120 00000020 ????????????????    <1>     .pParam     dq ?  ;Parameter list pointer
   121 00000028 ????????????????    <1>     .pProgname  dq ?  ;Ptr to ASCIIZ program name
   122                              <1> 
   123 00000030 ????????????????    <1>     .pEnvBase   dq ?  ;Ptr to new Environment block, NOT THE MCB FOR ENV BLK
   124 00000038 ????????????????    <1>     .pPSPBase   dq ?  ;Ptr to new PSP base address
   125 00000040 ????????????????    <1>     .pProgBase  dq ?  ;Ptr to Prog. Base addr., ALIGNED FOR FIRST EXE SECTION
   126 00000048 ????????????????    <1>     .dProgSize  dq ?  ;Program size is saved here, PSP included.
   127 00000050 ????????????????    <1>     .dCOFFhdr   dq ?  ;Offset in file to COFF header. Set to 0 for COM
   128 00000058 ????????????????    <1>     .bSegCount  dq ?  ;Count of segments loaded into memory
   129 00000060 ????????????????    <1>     .wCOFFChars dq ?  ;Save the COFF characteristics in here
   130                              <1> .pProgEP:   ;Program EP, recycle this qword
   131 00000068 ????????????????    <1>     .wNumSeg    dq ?  ;Number of segments, consider reusing NameLen
   132 00000070 ????????????????    <1>     .dFilePtr   dq ?  ;Keep of track of where in file we are
   133 00000078 ????????????????    <1>     .qRelocVal  dq ?  ;Used when computing relocations, Rebasing factor
   134                              <1> endstruc
   135                              <1> 
   136                              <1> ;MISC ASCII control chars
   137                              <1> NUL equ 00h ;^@         | ASCII Null
   138                              <1> ETX equ 03h ;^C         | ASCII Break (End of Text)
   139                              <1> ACK equ 06h ;^F         | ASCII Acknowledgement
   140                              <1> BEL equ 07h ;^G         | ASCII Bell
   141                              <1> BSP equ 08h ;^H         | ASCII Backspace
   142                              <1> TAB equ 09h ;^I         | ASCII Horizontal Tab
   143                              <1> LF  equ 0Ah ;^J         | ASCII Line Feed
   144                              <1> CR  equ 0Dh ;^M         | ASCII Carriage Return
   145                              <1> DLE equ 10h ;^P         | ASCII Data Link End (Toggle Print Echo)
   146                              <1> DC3 equ 13h ;^S         | ASCII Device Control 3 (Toggle Scroll Lock)
   147                              <1> DC4 equ 14h ;^T         | ASCII Device Control 4
   148                              <1> NAK equ 15h ;^U         | ASCII Negative Acknowledgement
   149                              <1> CMD equ 16h ;^V         | EDLIN COMMAND CHAR
   150                              <1> ETB equ 17h ;^W         | ASCII End of Transmission Block
   151                              <1> EOF equ 1Ah ;^Z         | ASCII Substitute character (End of File)
   152                              <1> ESC equ 1Bh ;           | ASCII Escape char, used for ANSI.SYS
   153                              <1> SPC equ 20h ;Printable  | ASCII Space
   154                              <1> ;This last one is NEVER printed with a caret as it is a console control char
   155                              <1> DEL equ 7Fh ;^?         | ASCII Rubout (Del char and dec cursor)
   156                              <1> 
   157                              <1> asciiCaret  equ 20h ;Used to check which chars need to be printed with caret
   158                              <1> asciiMask   equ asciiCaret - 1  ;Turn into a bitmask
   159                              <1> 
   160                              <1> ;Extended Ascii Codes
   161                              <1> eF1     equ 3Bh ;F1 second byte
   162                              <1> eF2     equ 3Ch ;F2 second byte
   163                              <1> eF3     equ 3Dh ;F3 second byte
   164                              <1> eF4     equ 3Eh ;F4 second byte
   165                              <1> eF5     equ 3Fh ;F5 second byte
   166                              <1> eF6     equ 40h ;F6 second byte
   167                              <1> eF7     equ 41h ;F7 second byte
   168                              <1> eCursL  equ 4Bh ;Cursor Left second byte
   169                              <1> eCursR  equ 4Dh ;Cursor Right second byte
   170                              <1> eIns    equ 52h ;Insert second byte
   171                              <1> eDel    equ 53h ;DEL second byte (not necessarily delete key)
     5                                  %include "./src/inc/dosMacro.mac"
     1                              <1> 
     2                              <1> ;-------------------------------------------------------------------------------
     3                              <1> ;Generic Macros file
     4                              <1> ;The following instruction extensions allow to conditionally return
     5                              <1> ;The idea was borrowed from the DOS Source Code
     6                              <1> ;
     7                              <1> ;-------------------------------------------------------------------------------
     8                              <1> 
     9                              <1> ;-------------------------------------------------------------------------------
    10                              <1> ;These macros are live and must not be touched
    11                              <1> ;-------------------------------------------------------------------------------
    12                              <1> %macro return 0
    13                              <1>     ret
    14                              <1> %endmacro
    15                              <1> 
    16                              <1> %macro cret 1
    17                              <1>     j%-1 short %%a
    18                              <1>     return
    19                              <1> %%a:
    20                              <1> %endmacro
    21                              <1> 
    22                              <1> %macro retz 0
    23                              <1> cret z
    24                              <1> %endmacro
    25                              <1> 
    26                              <1> %macro retnz 0
    27                              <1> cret nz
    28                              <1> %endmacro
    29                              <1> 
    30                              <1> %macro rete 0
    31                              <1> cret e
    32                              <1> %endmacro
    33                              <1> 
    34                              <1> %macro retne 0
    35                              <1> cret ne
    36                              <1> %endmacro
    37                              <1> 
    38                              <1> %macro retc 0
    39                              <1> cret c
    40                              <1> %endmacro
    41                              <1> 
    42                              <1> %macro retnc 0
    43                              <1> cret nc
    44                              <1> %endmacro
    45                              <1> 
    46                              <1> %macro retb 0
    47                              <1> cret b
    48                              <1> %endmacro
    49                              <1> 
    50                              <1> %macro retnb 0
    51                              <1> cret nb
    52                              <1> %endmacro
    53                              <1> 
    54                              <1> %macro reta 0
    55                              <1> cret a
    56                              <1> %endmacro
    57                              <1> 
    58                              <1> %macro retna 0
    59                              <1> cret na
    60                              <1> %endmacro
    61                              <1> 
    62                              <1> %macro breakpoint 0
    63                              <1> xchg bx, bx
    64                              <1> %endmacro
     6                                  
     7                                  Segment cseg code private align=16
     8                                  %include "./src/text/init.asm"
     1                              <1>     GLOBAL ep
     2                              <1> 
     3                              <1> ;Init code for Session Manager.
     4                              <1> ep:  ;Entry Point for SM
     5 00000000 B800300000          <1>     mov eax, 3000h  ;Get version number
     6 00000005 CD21                <1>     int 21h
     7 00000007 3C01                <1>     cmp al, 1   ;If the major number is 1 or below
     8 00000009 7615                <1>     jbe proceedBss
     9 0000000B 488D15(32000000)    <1>     lea rdx, bvStr
    10                              <1> exitBad:
    11                              <1> ;Bad exits in init jump here
    12 00000012 B800090000          <1>     mov eax, 0900h
    13 00000017 CD21                <1>     int 21h
    14 00000019 B8FF4C0000          <1>     mov eax, 4CFFh
    15 0000001E CD21                <1>     int 21h
    16                              <1> proceedBss:
    17                              <1> ;Clean the BSS
    18                              <1>     ;lea rdi, bseg_start
    19                              <1>     ;mov ecx, bseg_len
    20                              <1>     ;xor eax, eax
    21                              <1>     ;rep stosb
    22                              <1> ;Check that SM is not already installed
    23 00000020 B8000A0000          <1>     mov eax, SM_SIG_2F << 8
    24 00000025 CD2F                <1>     int 2Fh
    25 00000027 84C0                <1>     test al, al
    26 00000029 7409                <1>     jz .proceedInstall
    27 0000002B 488D15(ED010000)    <1>     lea rdx, alrInstStr
    28 00000032 EBDE                <1>     jmp short exitBad
    29                              <1> .proceedInstall:
    30                              <1> ;Check that STDIO is not redirected from the standard console device.
    31                              <1> ;This can be an AUX driver, the test for MCON compliance occurs below!
    32                              <1> ;If it is, exit complaining!
    33 00000034 31DB                <1>     xor ebx, ebx    ;STDIN
    34 00000036 B800440000          <1>     mov eax, 4400h  ;Get Hdl info
    35 0000003B CD21                <1>     int 21h
    36 0000003D 89D3                <1>     mov ebx, edx    ;Save the returned word in bx
    37 0000003F 488D15(6C010000)    <1>     lea rdx, noIOCTLStr
    38 00000046 72CA                <1>     jc exitBad
    39 00000048 488D15(8E010000)    <1>     lea rdx, noStdinStr
    40 0000004F 81E381000000        <1>     and ebx, 81h    ;Save bits 7 and 0 (Char dev and STDIN device)
    41 00000055 81FB81000000        <1>     cmp ebx, 81h
    42 0000005B 75B5                <1>     jne exitBad
    43                              <1> 
    44 0000005D BB01000000          <1>     mov ebx, 1      ;STDOUT
    45 00000062 B800440000          <1>     mov eax, 4400h  ;Get Hdl info
    46 00000067 CD21                <1>     int 21h
    47 00000069 89D3                <1>     mov ebx, edx    ;Save the returned word in bx
    48 0000006B 488D15(6C010000)    <1>     lea rdx, noIOCTLStr
    49 00000072 729E                <1>     jc exitBad
    50 00000074 488D15(BD010000)    <1>     lea rdx, noStdoutStr
    51 0000007B 81E382000000        <1>     and ebx, 82h    ;Save bits 7 and 1 (Char dev and STDOUT device)
    52 00000081 81FB82000000        <1>     cmp ebx, 82h
    53 00000087 7589                <1>     jne exitBad
    54                              <1> ;XCHG ptrs with MCON, driver specific IOCTL call
    55 00000089 31F6                <1>     xor esi, esi
    56 0000008B 31FF                <1>     xor edi, edi
    57 0000008D 56                  <1>     push rsi        ;Push two 0's onto the stack to allocate struc on stack
    58 0000008E 56                  <1>     push rsi
    59 0000008F 4889E2              <1>     mov rdx, rsp    ;Allocated structure on the stack
    60 00000092 66C7020001          <1>     mov word [rdx + mScrCap.wVer], 0100h
    61 00000097 66C742020F00        <1>     mov word [rdx + mScrCap.wLen], mScrCap_size
    62 0000009D 66C742040071        <1>     mov word [rdx + mScrCap.wMagic], magicCode
    63 000000A3 488D1D51030000      <1>     lea rbx, DosSesHlp
    64 000000AA 48895A07            <1>     mov qword [rdx + mScrCap.qHlpPtr], rbx
    65 000000AE B80C440000          <1>     mov eax, 440Ch
    66 000000B3 31DB                <1>     xor ebx, ebx    ;CON handle (STDIN)!
    67 000000B5 B910030000          <1>     mov ecx, 0310h  ;CON + Reports capacities!
    68 000000BA CD21                <1>     int 21h
    69 000000BC 730C                <1>     jnc mConOk
    70 000000BE 488D15(55000000)    <1>     lea rdx, noConStr
    71 000000C5 E948FFFFFF          <1>     jmp exitBad
    72                              <1> mConOk:
    73 000000CA 488B5A07            <1>     mov rbx, qword [rdx + mScrCap.qHlpPtr]
    74 000000CE 48891D(1C000000)    <1>     mov qword [pConIOCtl], rbx ;Store the help pointer
    75 000000D5 0FB65A06            <1>     movzx ebx, byte [rdx + mScrCap.bScrNum]
    76 000000D9 B808000000          <1>     mov eax, 8      ;Maximum supported, 8 screens
    77 000000DE 39C3                <1>     cmp ebx, eax
    78 000000E0 0F47D8              <1>     cmova ebx, eax  ;Maximum supported session number is 7
    79 000000E3 FFCB                <1>     dec ebx         ;Turn into an index
    80 000000E5 891D(18000000)      <1>     mov dword [dMaxSesIndx], ebx   ;Store the max session number index.
    81                              <1> ;Restore the stack now!
    82 000000EB 5E                  <1>     pop rsi  
    83 000000EC 5E                  <1>     pop rsi
    84 000000ED 85DB                <1>     test ebx, ebx   ;If only one session possible, fail to start!
    85 000000EF 750C                <1>     jnz screensOk    ;Else, we know we have enough screens to proceed usefully!
    86                              <1> ;If not enough screens, indicate we are aborting!
    87 000000F1 488D15(7A000000)    <1>     lea rdx, noScreenStr
    88 000000F8 E915FFFFFF          <1>     jmp exitBad
    89                              <1> screensOk:
    90                              <1> ;Get the size of the SDA to know how big a psda actually is.
    91                              <1> ;    breakpoint
    92 000000FD B8065D0000          <1>     mov eax, 5D06h
    93 00000102 CD21                <1>     int 21h
    94 00000104 488935(00000000)    <1>     mov qword [pDosSda], rsi
    95 0000010B 890D(14000000)      <1>     mov dword [dSdaLen], ecx    ;Save the larger value :)
    96 00000111 81C1A8000000        <1>     add ecx, psda_size
    97 00000117 890D(10000000)      <1>     mov dword [dPsdaLen], ecx   ;Save the max length of a psda.
    98 0000011D 89C8                <1>     mov eax, ecx
    99 0000011F FFC3                <1>     inc ebx     ;Add 1 to get number of sessions 
   100 00000121 F7E3                <1>     mul ebx     ;Multiply number of sessions by the size of psda
   101 00000123 050F000000          <1>     add eax, 0Fh
   102 00000128 C1E804              <1>     shr eax, 4  ;Round result up by a paragraph, turn into number of paragraphs
   103 0000012B 89C3                <1>     mov ebx, eax    ;Put number of paragraphs into ebx
   104 0000012D B800480000          <1>     mov eax, 4800h
   105 00000132 CD21                <1>     int 21h
   106 00000134 7317                <1>     jnc spaceOk
   107 00000136 488D15(9B000000)    <1>     lea rdx, noMemStr
   108                              <1> exitMcon:
   109 0000013D B803000000          <1>     mov eax, 3  ;Signal to uninstall ourselves from MCON
   110 00000142 FF15(1C000000)      <1>     call qword [pConIOCtl] ;Deinstall our help pointer from the MCON 
   111 00000148 E9C5FEFFFF          <1>     jmp exitBad
   112                              <1> spaceOk:
   113 0000014D 50                  <1>     push rax        ;Save the pointer to the allocated block!
   114 0000014E 4889C7              <1>     mov rdi, rax    ;Clear the space we just allocated!
   115 00000151 C1E304              <1>     shl ebx, 4
   116 00000154 89D9                <1>     mov ecx, ebx  ;Get the number of bytes we allocated
   117 00000156 31C0                <1>     xor eax, eax
   118 00000158 F3AA                <1>     rep stosb
   119 0000015A 5F                  <1>     pop rdi         ;Get back the allocated block pointer!
   120 0000015B 48893D(08000000)    <1>     mov qword [pPsdaTbl], rdi    ;Store the pointer to the psdaTbl here
   121 00000162 48893D(30000000)    <1>     mov qword [pCurSess], rdi    ;The session manager is the current session
   122 00000169 C705(2C000000)0000- <1>     mov dword [dCurSess], SM_SESSION
   122 00000171 0000                <1>
   123                              <1> ;Now copy the SDA over and the DOS state as things stand. rsi -> DOS SDA
   124                              <1> ;    breakpoint
   125 00000173 488DBFA8000000      <1>     lea rdi, qword [rdi + psda.sdaCopy]
   126 0000017A 8B0D(14000000)      <1>     mov ecx, dword [dSdaLen]
   127 00000180 F3A4                <1>     rep movsb   ;Copy over the SDA as it stands now, in peacetime!
   128                              <1> 
   129                              <1> ;Now launch dMaxSesIndx copies of COMMAND.COM.
   130 00000182 B800190000          <1>     mov eax, 1900h  ;Get in AL the current drive (0=A, ...)
   131 00000187 CD21                <1>     int 21h
   132 00000189 0441                <1>     add al, "A"
   133 0000018B 8805(04000000)      <1>     mov byte [dfltShell], al    
   134 00000191 8805(13000000)      <1>     mov byte [dfltShell2], al   ;Store on the backup shell too
   135 00000197 31C9                <1>     xor ecx, ecx    ;Default search attributes
   136 00000199 488D15(04000000)    <1>     lea rdx, dfltShell
   137 000001A0 B8004E0000          <1>     mov eax, 4E00h  ;Find First
   138 000001A5 CD21                <1>     int 21h
   139 000001A7 731C                <1>     jnc .shellFnd
   140 000001A9 488D15(13000000)    <1>     lea rdx, dfltShell2
   141 000001B0 B8004E0000          <1>     mov eax, 4E00h  ;Find First
   142 000001B5 CD21                <1>     int 21h
   143 000001B7 730C                <1>     jnc .shellFnd
   144 000001B9 488D15(D4000000)    <1>     lea rdx, noCmdStr
   145 000001C0 E978FFFFFF          <1>     jmp exitMcon
   146                              <1> .shellFnd:
   147 000001C5 488915(24000000)    <1>     mov qword [pCmdShell], rdx    ;Save the string to the program to spawn
   148                              <1> 
   149                              <1> ;Setup this Int 22h. If the COMMAND.COM of a session exits, then 
   150                              <1> ; this handler is executed. COMMAND.COM when loaded as /P will override 
   151                              <1> ; this in both the IDT and in its own PSP so this is very much for any
   152                              <1> ; early accidents. Eventually, will replace this with a routine that 
   153                              <1> ; tries to launch a new instance of the program specified in the sm.ini 
   154                              <1> ; config file.
   155 000001CC 488D15BF050000      <1>     lea rdx, i22hHdlr   ;Install the tmp Int 22h handler!
   156 000001D3 B822250000          <1>     mov eax, 2522h
   157 000001D8 CD21                <1>     int 21h
   158                              <1> 
   159 000001DA 488D15D1050000      <1>     lea rdx, interruptExit  
   160 000001E1 B82E250000          <1>     mov eax, 252Eh  ;Eliminate any COMMAND.COM hook that might be present!
   161 000001E6 CD21                <1>     int 21h
   162                              <1> 
   163                              <1> ;Now we spawn each session one by one.
   164                              <1> ;After each spawn, we copy the SDA into the psda for that session.
   165                              <1> ;This way, each session has the right current psp, dta, drive and dos state.
   166                              <1> ;After each spawn, pull the rax value from the child stack, replacing
   167                              <1> ; it with the rip value to start program execution. 
   168                              <1> ;Place 0202h flags, PSPptr in r8 and r9 and rax in rax on the register stack.
   169                              <1> 
   170                              <1> ;Prepare the sda copy pointer
   171                              <1> ;    breakpoint
   172 000001E8 488B3D(08000000)    <1>     mov rdi, qword [pPsdaTbl]
   173 000001EF 8B0D(10000000)      <1>     mov ecx, dword [dPsdaLen]
   174 000001F5 4801CF              <1>     add rdi, rcx    ;Go to the first user session PSDA
   175                              <1> 
   176 000001F8 4881EC30000000      <1>     sub rsp, loadProg_size  ;Make space for the loadprog structure
   177 000001FF 4889E5              <1>     mov rbp, rsp
   178 00000202 8B0D(18000000)      <1>     mov ecx, dword [dMaxSesIndx]
   179                              <1> ;Now setup the loadProgBlock on the stack
   180 00000208 31C0                <1>     xor eax, eax
   181 0000020A 48894500            <1>     mov qword [rbp + loadProg.pEnv], rax    ;Copy the parent environment!
   182 0000020E 488D05(26000000)    <1>     lea rax, cmdTail
   183 00000215 48894508            <1>     mov qword [rbp + loadProg.pCmdLine], rax
   184 00000219 498D405C            <1>     lea rax, qword [r8 + psp.fcb1]
   185 0000021D 48894510            <1>     mov qword [rbp + loadProg.pfcb1], rax
   186 00000221 498D406C            <1>     lea rax, qword [r8 + psp.fcb2]
   187 00000225 48894518            <1>     mov qword [rbp + loadProg.pfcb2], rax
   188                              <1> ;   breakpoint
   189                              <1> loadLp:
   190 00000229 31C0                <1>     xor eax, eax
   191 0000022B 48894520            <1>     mov qword [rbp + loadProg.initRSP], rax ;Reset the return values to 0
   192 0000022F 48894528            <1>     mov qword [rbp + loadProg.initRIP], rax
   193 00000233 488B15(24000000)    <1>     mov rdx, qword [pCmdShell]
   194 0000023A 4889EB              <1>     mov rbx, rbp
   195 0000023D B8014B0000          <1>     mov eax, 4B01h
   196 00000242 CD21                <1>     int 21h
   197 00000244 7316                <1>     jnc .loadOk
   198                              <1> .badLoad:
   199 00000246 488D15(08010000)    <1>     lea rdx, noExecStr
   200                              <1>     ;Here we have to unwind the programs, set Int 22h in each PSP 
   201                              <1>     ; to an appropriate loaction, copy the SDA into DOS, and call EXIT.
   202                              <1>     ;For now, we cause a memory leak and proceed.
   203 0000024D 4C89C3              <1>     mov rbx, r8     ;Move SM PSP pointer int rbx
   204 00000250 B800500000          <1>     mov eax, 5000h  ;Reset the current PSP back to SM
   205 00000255 CD21                <1>     int 21h
   206 00000257 E9E1FEFFFF          <1>     jmp exitMcon
   207                              <1> .loadOk:
   208                              <1> ;rdi points to the psda for this session
   209 0000025C 488D052F050000      <1>     lea rax, i22hHdlr
   210 00000263 488907              <1>     mov qword [rdi + psda.pInt22h], rax
   211 00000266 B823350000          <1>     mov eax, 3523h  ;Get the default Int 23h handler!
   212 0000026B CD21                <1>     int 21h
   213 0000026D 48895F08            <1>     mov qword [rdi + psda.pInt23h], rbx
   214 00000271 B824350000          <1>     mov eax, 3524h  ;Get the default Int 24h handler!
   215 00000276 CD21                <1>     int 21h
   216 00000278 48895F10            <1>     mov qword [rdi + psda.pInt24h], rbx
   217 0000027C 488D1D2F050000      <1>     lea rbx, interruptExit
   218 00000283 48895F18            <1>     mov qword [rdi + psda.pInt2Eh], rbx
   219                              <1> ;   breakpoint
   220 00000287 488B5D20            <1>     mov rbx, qword [rbp + loadProg.initRSP]
   221 0000028B 48895F20            <1>     mov qword [rdi + psda.qRSP], rbx ;Store the Stack value!
   222 0000028F 488B4528            <1>     mov rax, qword [rbp + loadProg.initRIP] 
   223 00000293 488703              <1>     xchg rax, qword [rbx]   ;Swap the RIP value with the FCB words on the stack!
   224 00000296 488987A0000000      <1>     mov qword [rdi + psda.sRegsTbl + 15*8], rax ;Store rax @ rax on regstack!
   225 0000029D B800510000          <1>     mov eax, 5100h  ;Get Current PSP in rbx
   226 000002A2 CD21                <1>     int 21h
   227 000002A4 48895F60            <1>     mov qword [rdi + psda.sRegsTbl + 7*8], rbx  ;Store PSP ptr @ r9 on regstack!
   228 000002A8 48895F68            <1>     mov qword [rdi + psda.sRegsTbl + 8*8], rbx  ;Store PSP ptr @ r8 on regstack!
   229 000002AC 48C7472802020000    <1>     mov qword [rdi + psda.sRegsTbl], 0202h      ;Store default flags on regstack!
   230                              <1> ;Now copy the SDA into the psda SDA
   231 000002B4 51                  <1>     push rcx
   232 000002B5 488B35(00000000)    <1>     mov rsi, qword [pDosSda]
   233 000002BC 488DBFA8000000      <1>     lea rdi, qword [rdi + psda.sdaCopy]
   234 000002C3 8B0D(14000000)      <1>     mov ecx, dword [dSdaLen]
   235 000002C9 F3A4                <1>     rep movsb   ;rdi now points to the next psda
   236 000002CB 59                  <1>     pop rcx
   237                              <1> ;Now reset the PSP back so that each process is a proper child of SM!
   238 000002CC B800500000          <1>     mov eax, 5000h  ;Set current PSP
   239 000002D1 4C89C3              <1>     mov rbx, r8
   240 000002D4 CD21                <1>     int 21h
   241 000002D6 FFC9                <1>     dec ecx
   242 000002D8 0F854BFFFFFF        <1>     jnz loadLp
   243                              <1> 
   244 000002DE 4881C430000000      <1>     add rsp, loadProg_size  ;Reclaim the allocation in the end
   245                              <1> 
   246                              <1> ;Set ourselves to be our own parent now!
   247 000002E5 4D894022            <1>     mov qword [r8 + psp.parentPtr], r8
   248                              <1> ;Setup the default int 22h and int 23h of the SM in the PSP since we are our
   249                              <1> ; own Parent. No need to set the interrupt vectors, thats done on entry to the 
   250                              <1> ; shell.
   251 000002E9 488B35(08000000)    <1>     mov rsi, qword [pPsdaTbl]   ;Get the PSDA table entry of SM
   252 000002F0 488D15AB040000      <1>     lea rdx, i22hShell
   253 000002F7 4989500A            <1>     mov qword [r8 + psp.oldInt22h], rdx
   254 000002FB 488916              <1>     mov qword [rsi + psda.pInt22h], rdx
   255 000002FE 488D15A7040000      <1>     lea rdx, i23hHdlr
   256 00000305 49895012            <1>     mov qword [r8 + psp.oldInt23h], rdx
   257 00000309 48895608            <1>     mov qword [rsi + psda.pInt23h], rdx
   258 0000030D 488D159C040000      <1>     lea rdx, i24hHdlr
   259 00000314 4989501A            <1>     mov qword [r8 + psp.oldInt24h], rdx
   260 00000318 48895610            <1>     mov qword [rsi + psda.pInt24h], rdx
   261                              <1> 
   262                              <1> ;Now setup the Int 2Ah infrastructure.
   263 0000031C 488D1567000000      <1>     lea rdx, i2AhDisp
   264 00000323 B82A250000          <1>     mov eax, 252Ah
   265 00000328 CD21                <1>     int 21h
   266                              <1> ;And Int 2Fh
   267 0000032A B82F350000          <1>     mov eax, 352Fh
   268 0000032F CD21                <1>     int 21h     ;Get the old handler ptr in rbx
   269 00000331 48891D(42000000)    <1>     mov qword [oldInt2Fh], rbx
   270 00000338 488D1538000000      <1>     lea rdx, i2FhDisp
   271 0000033F B82F250000          <1>     mov eax, 252Fh
   272 00000344 CD21                <1>     int 21h
   273                              <1> ;Patch the DOS kernel to call Int 2Ah correctly.
   274                              <1> ;Go in reverse from rsi which points to the DOS SDA
   275 00000346 488B35(00000000)    <1>     mov rsi, qword [pDosSda]
   276 0000034D 488D5EFF            <1>     lea rbx, qword [rsi - 1]
   277 00000351 488B7BF8            <1>     mov rdi, qword [rbx - 8]
   278 00000355 C60750              <1>     mov byte [rdi], 050h    ;Change from RET to PUSH RAX
   279 00000358 488B7BF0            <1>     mov rdi, qword [rbx - 16]
   280 0000035C C60750              <1>     mov byte [rdi], 050h    ;Change from RET to PUSH RAX
   281 0000035F 488B7BE8            <1>     mov rdi, qword [rbx - 24]
   282 00000363 C60750              <1>     mov byte [rdi], 050h    ;Change from RET to PUSH RAX
   283 00000366 488B7BE0            <1>     mov rdi, qword [rbx - 32]
   284 0000036A C60750              <1>     mov byte [rdi], 050h    ;Change from RET to PUSH RAX
   285                              <1> ;Now we are ready to jump!
   286 0000036D B901000000          <1>     mov ecx, 1 ;Start with task 1
   287 00000372 E9F6000000          <1>     jmp gotoSession
     9                                  %include "./src/text/disp.asm"
     1                              <1> ;------------------------------------------------------------
     2                              <1> ;All the DOSMGR dispatcher functions live here.
     3                              <1> ;------------------------------------------------------------
     4                              <1> 
     5                              <1> EXTERN sm$intTOS
     6                              <1> ;------------------------------------------------------------
     7                              <1> ;Int 2Ah Dispatcher
     8                              <1> ;------------------------------------------------------------
     9                              <1> i2FhDisp:
    10 00000377 80FC0A              <1>     cmp ah, SM_SIG_2F  ;Session manager
    11 0000037A 7508                <1>     jne .chain
    12 0000037C 84C0                <1>     test al, al ;Install check?
    13 0000037E 7502                <1>     jnz .exit   ;Anything else is just a plain exit!
    14 00000380 B0FF                <1>     mov al, -1  ;Indicate we are installed!
    15                              <1> .exit:
    16 00000382 48CF                <1>     iretq
    17                              <1> .chain:
    18 00000384 FF25(42000000)      <1>     jmp qword [oldInt2Fh]   ;Chain to the next handler
    19                              <1> 
    20                              <1> 
    21                              <1> ;------------------------------------------------------------
    22                              <1> ;Int 2Ah Dispatcher
    23                              <1> ;------------------------------------------------------------
    24                              <1> i2AhDisp:
    25 0000038A FA                  <1>     cli ;Disable interrupts
    26 0000038B 84E4                <1>     test ah, ah
    27 0000038D 741B                <1>     jz status
    28 0000038F 80FC03              <1>     cmp ah, 03h
    29 00000392 741A                <1>     je ioblock
    30 00000394 80FC80              <1>     cmp ah, 80h
    31 00000397 7417                <1>     je critInc
    32 00000399 80FC81              <1>     cmp ah, 81h
    33 0000039C 741A                <1>     je critDec
    34 0000039E 80FC82              <1>     cmp ah, 82h
    35 000003A1 744A                <1>     je critReset    ;We've been signalled to remove locks and is safe to do so!
    36 000003A3 80FC84              <1>     cmp ah, 84h
    37 000003A6 7451                <1>     je keybIntercept
    38 000003A8 48CF                <1>     iretq
    39                              <1> 
    40                              <1> status:    ;AH=00h
    41 000003AA B4FF                <1>     mov ah, -1
    42 000003AC 48CF                <1>     iretq
    43                              <1> 
    44                              <1> ioblock:    ;AH=03h
    45                              <1> ;Need to check that Int 33h if disk device is not active. Temp wont do that for now!
    46                              <1> ;Else it is fine as we cannot swap in critical section and 
    47                              <1> ; all default BIOS char devices are reentrant.
    48                              <1> ;Input: rsi -> ASCIIZ string for device
    49 000003AE 48CF                <1>     iretq
    50                              <1> 
    51                              <1> critInc:    ;AH=80h
    52 000003B0 FF05(38000000)      <1>     inc dword [sesLock + critLock.dCount]
    53 000003B6 48CF                <1>     iretq
    54                              <1> 
    55                              <1> critDec:    ;AH=81h
    56                              <1> ;If lock is zero, exit as we would not have been deferred here.
    57                              <1> ;Else decrement the lock as it is safe to do so.
    58                              <1> ;   If lock not zero after decrement, exit.
    59                              <1> ;   Else
    60                              <1> ;       If deferred flag zero, exit.
    61                              <1> ;       Else handle deferred session swap.
    62 000003B8 813D(38000000)0000- <1>     cmp dword [sesLock + critLock.dCount], 0
    62 000003C0 0000                <1>
    63 000003C2 7427                <1>     jz .exit
    64 000003C4 FF0D(38000000)      <1>     dec dword [sesLock + critLock.dCount]
    65 000003CA 813D(38000000)0000- <1>     cmp dword [sesLock + critLock.dCount], 0
    65 000003D2 0000                <1>
    66 000003D4 7515                <1>     jne .exit
    67 000003D6 F605(3C000000)FF    <1>     test byte [bDefFlg], -1 ;If we have a deferred call, process now!
    68 000003DD 740C                <1>     jz .exit
    69 000003DF C605(3C000000)00    <1>     mov byte [bDefFlg], 0   ;Clear the deferral flag and process call!
    70 000003E6 E83A000000          <1>     call gotoShell
    71                              <1> .exit:
    72 000003EB 48CF                <1>     iretq
    73                              <1> 
    74                              <1> critReset:      ;AH=82h
    75 000003ED C705(38000000)0000- <1>     mov dword [sesLock + critLock.dCount], 0    ;Reset the value here :)
    75 000003F5 0000                <1>
    76 000003F7 48CF                <1>     iretq
    77                              <1> 
    78                              <1> keybIntercept:  ;AH=84h
    79                              <1> ;Do nothing as we don't need this endpoint for now!
    80 000003F9 48CF                <1>     iretq
    81                              <1> 
    82                              <1> ;------------------------------------------------------------
    83                              <1> ;Dos Session Help routines.
    84                              <1> ;------------------------------------------------------------
    85                              <1> ;Used by a corresponding CON driver to communicate events
    86                              <1> ; to the Session Manager.
    87                              <1> DosSesHlp:
    88                              <1> ;Dispatcher for signals from MCON.
    89 000003FB 3D01000000          <1>     cmp eax, 1
    90 00000400 7402                <1>     je swapSes
    91 00000402 F9                  <1>     stc
    92                              <1>     return
    13 00000403 C3                  <2>  ret
    93                              <1> swapSes:
    94                              <1> ;We have been told that the magic key has been hit! Swap session unless we 
    95                              <1> ; are already in SM session.
    96                              <1> ;Entered with interrupts turned off.
    97 00000404 813D(2C000000)0000- <1>     cmp dword [dCurSess], SM_SESSION    ;Don't swap session if in Session Manager.
    97 0000040C 0000                <1>
    98                              <1>     rete    
    31                              <2> cret e
    17 0000040E 7501                <3>  j%-1 short %%a
    18                              <3>  return
    13 00000410 C3                  <4>  ret
    19                              <3> %%a:
    99                              <1> ;We now check if we are in a lock. If we are in a lock, we defer the 
   100                              <1> ; swapping to SM until we leave all locks. 
   101 00000411 F705(38000000)FFFF- <1>     test dword [sesLock + critLock.dCount], -1  ;If the count is 0, proceed!
   101 00000419 FFFF                <1>
   102 0000041B 7408                <1>     jz gotoShell
   103 0000041D C605(3C000000)FF    <1>     mov byte [bDefFlg], -1  ;Else, we set the deferred flag.
   104                              <1>     return  ; and return to the busy session.
    13 00000424 C3                  <2>  ret
   105                              <1> 
   106                              <1> gotoShell:
   107                              <1> ;This routine swaps sessions to the Session Manager Shell.
   108                              <1> ;All registers are still preserved at this point except CF and ZF and CLI.
   109 00000425 48871D(30000000)    <1>     xchg qword [pCurSess], rbx  ;Get the ptr to the current session. Save rbx.
   110 0000042C 48896320            <1>     mov qword [rbx + psda.qRSP], rsp
   111 00000430 488DA3A8000000      <1>     lea rsp, qword [rbx + psda.boS] ;Point rsp to where to store regs
   112 00000437 48871D(30000000)    <1>     xchg qword [pCurSess], rbx  ;Get back the value of rbx in rbx.
   113 0000043E 50                  <1>     push rax
   114 0000043F 53                  <1>     push rbx
   115 00000440 51                  <1>     push rcx
   116 00000441 52                  <1>     push rdx
   117 00000442 56                  <1>     push rsi
   118 00000443 57                  <1>     push rdi
   119 00000444 55                  <1>     push rbp
   120 00000445 4150                <1>     push r8
   121 00000447 4151                <1>     push r9
   122 00000449 4152                <1>     push r10
   123 0000044B 4153                <1>     push r11
   124 0000044D 4154                <1>     push r12
   125 0000044F 4155                <1>     push r13
   126 00000451 4156                <1>     push r14
   127 00000453 4157                <1>     push r15
   128 00000455 9C                  <1>     pushfq  ;Save flags with CLI set. CLI persists on...
   129                              <1> 
   130 00000456 488D25(00000000)    <1>     lea rsp, sm$intTOS  ;Get the top of interrupt stack
   131 0000045D FC                  <1>     cld     ;Ensure that rep writes are now the right way!
   132 0000045E B900000000          <1>     mov ecx, SM_SESSION
   133 00000463 E84B000000          <1>     call swapSession
   134 00000468 E985010000          <1>     jmp shellEntry  ;Goto the shell entry routine
   135                              <1>     
   136                              <1> gotoSession:
   137                              <1> ;Enter with ecx = new session number.
   138                              <1> ;This starts working on the shell's stack. That is ok.
   139 0000046D FA                  <1>     cli         ;Turn off interrupts again.
   140 0000046E 488D25(00000000)    <1>     lea rsp, sm$intTOS  ;Get the top of interrupt stack
   141 00000475 E839000000          <1>     call swapSession
   142                              <1> 
   143 0000047A 488B1D(30000000)    <1>     mov rbx, qword [pCurSess]
   144 00000481 488D6330            <1>     lea rsp, qword [rbx + psda.sRegsTbl + 8]    ;Skip reloading the flags here!
   145                              <1> ;We load the flags to their original state after we have switched back to the 
   146                              <1> ; application stack because we start applications with Interrupts on. Thus,
   147                              <1> ; if an interrupt occurs during the popping of the register stack, this 
   148                              <1> ; may corrupt data in the psda. Thus we only load rflags once we are on the
   149                              <1> ; application stack (which in the dangerous case, i.e. program init, is 
   150                              <1> ; always large enough to handle an interrupt... unless its a very full .COM file)!
   151 00000485 415F                <1>     pop r15
   152 00000487 415E                <1>     pop r14
   153 00000489 415D                <1>     pop r13
   154 0000048B 415C                <1>     pop r12
   155 0000048D 415B                <1>     pop r11
   156 0000048F 415A                <1>     pop r10
   157 00000491 4159                <1>     pop r9
   158 00000493 4158                <1>     pop r8
   159 00000495 5D                  <1>     pop rbp
   160 00000496 5F                  <1>     pop rdi
   161 00000497 5E                  <1>     pop rsi
   162 00000498 5A                  <1>     pop rdx
   163 00000499 59                  <1>     pop rcx
   164 0000049A 5B                  <1>     pop rbx
   165 0000049B 58                  <1>     pop rax
   166 0000049C 48871D(30000000)    <1>     xchg qword [pCurSess], rbx
   167 000004A3 488B6320            <1>     mov rsp, qword [rbx + psda.qRSP]
   168 000004A7 FF7328              <1>     push qword [rbx + psda.sRegsTbl]    ;Reload the flags once we have switched stacks!
   169 000004AA 48871D(30000000)    <1>     xchg qword [pCurSess], rbx  ;Now swap things back  
   170 000004B1 9D                  <1>     popfq   ;Pop flags back right at the end :)
   171                              <1>     return
    13 000004B2 C3                  <2>  ret
   172                              <1> 
   173                              <1> swapSession:
   174                              <1> ;Saves the current session information and sets the session information for a 
   175                              <1> ; new session. Is called with interrupts turned off!
   176                              <1> ;Input: ecx = Session number to switch to.
   177                              <1> ;       dword [dCurSess], qword [pCurSess] -> Current session identifiers.
   178                              <1> ;Output: ecx set as current session.
   179                              <1> ;Must be called on a safe to use stack.
   180 000004B3 89CD                <1>     mov ebp, ecx    ;Save the session number in ebp!
   181                              <1> 
   182 000004B5 488D3D(30000000)    <1>     lea rdi, pCurSess
   183 000004BC 488B3D(30000000)    <1>     mov rdi, qword [pCurSess]
   184 000004C3 57                  <1>     push rdi    ;Save the CurSess pointer for use later!
   185 000004C4 488DBFA8000000      <1>     lea rdi, qword [rdi + psda.sdaCopy] ;Point rdi to the sda space
   186 000004CB 488B35(00000000)    <1>     mov rsi, qword [pDosSda]
   187 000004D2 8B0D(14000000)      <1>     mov ecx, dword [dSdaLen]
   188 000004D8 F3A4                <1>     rep movsb   ;Transfer over the SDA
   189 000004DA 5F                  <1>     pop rdi
   190                              <1> ;Save the current Int 22h, 23h and 24h handlers in the paused sessions' PSDA.
   191 000004DB B822000000          <1>     mov eax, 22h
   192 000004E0 E89F000000          <1>     call getIntVector
   193 000004E5 48891F              <1>     mov qword [rdi + psda.pInt22h], rbx
   194 000004E8 B823000000          <1>     mov eax, 23h
   195 000004ED E892000000          <1>     call getIntVector
   196 000004F2 48895F08            <1>     mov qword [rdi + psda.pInt23h], rbx
   197 000004F6 B824000000          <1>     mov eax, 24h
   198 000004FB E884000000          <1>     call getIntVector
   199 00000500 48895F10            <1>     mov qword [rdi + psda.pInt24h], rbx
   200 00000504 B82E000000          <1>     mov eax, 2Eh
   201 00000509 E876000000          <1>     call getIntVector
   202 0000050E 48895F18            <1>     mov qword [rdi + psda.pInt2Eh], rbx
   203                              <1> ;-----------------------------------------------------------------
   204                              <1> ;-----------------NEW SESSION IS SWAPPED TO BELOW-----------------
   205                              <1> ;-----------------------------------------------------------------
   206                              <1> ;Set the new session as the current active session
   207 00000512 892D(2C000000)      <1>     mov dword [dCurSess], ebp  ;Store the session number
   208 00000518 89E9                <1>     mov ecx, ebp  
   209 0000051A E8B7000000          <1>     call getPsdaPtr ;Get ptr in rdi to the current PSDA table
   210 0000051F 4889FB              <1>     mov rbx, rdi
   211 00000522 48891D(30000000)    <1>     mov qword [pCurSess], rbx           ;Setup internal data properly!
   212                              <1> 
   213                              <1> ;Set the SDA to the new session's SDA. 
   214 00000529 488DB3A8000000      <1>     lea rsi, qword [rbx + psda.sdaCopy] ;Point rdi to the sda space
   215 00000530 488B3D(00000000)    <1>     mov rdi, qword [pDosSda]
   216 00000537 8B0D(14000000)      <1>     mov ecx, dword [dSdaLen]
   217 0000053D F3A4                <1>     rep movsb   ;Transfer over the SDA
   218                              <1> 
   219                              <1> ;Set the new sessions' DOS interrupt handlers.
   220 0000053F 488B5318            <1>     mov rdx, qword [rbx + psda.pInt2Eh]
   221 00000543 B82E000000          <1>     mov eax, 2Eh
   222 00000548 E861000000          <1>     call setIntVector    
   223 0000054D 488B5310            <1>     mov rdx, qword [rbx + psda.pInt24h]
   224 00000551 B824000000          <1>     mov eax, 24h
   225 00000556 E853000000          <1>     call setIntVector
   226 0000055B 488B5308            <1>     mov rdx, qword [rbx + psda.pInt23h]
   227 0000055F B823000000          <1>     mov eax, 23h
   228 00000564 E845000000          <1>     call setIntVector
   229 00000569 488B13              <1>     mov rdx, qword [rbx + psda.pInt22h]
   230 0000056C B822000000          <1>     mov eax, 22h
   231 00000571 E838000000          <1>     call setIntVector 
   232                              <1> 
   233                              <1> ;Now swap the screen to new sessions' screen!
   234 00000576 89EB                <1>     mov ebx, ebp        ;Put the session number in bl
   235 00000578 B801000000          <1>     mov eax, 1          ;Swap screen command!
   236 0000057D FF15(1C000000)      <1>     call qword [pConIOCtl] ;Set the screen to the number in bl
   237                              <1> 
   238                              <1>     return
    13 00000583 C3                  <2>  ret
   239                              <1> 
   240                              <1> getIntVector:
   241                              <1> ;Called with:
   242                              <1> ;Interrupts Off!
   243                              <1> ; al = Interrupt number
   244                              <1> ;Returns: 
   245                              <1> ; rbx -> Ptr to interrupt handler
   246 00000584 0F010D(4A000000)    <1>     sidt [pIDT]    ;Get the current IDT base pointer
   247 0000058B 0FB6C0              <1>     movzx eax, al
   248 0000058E 48C1E004            <1>     shl rax, 4h     ;Multiply IDT entry number by 16 (Size of IDT entry)
   249 00000592 480305(4C000000)    <1>     add rax, qword [pIDT.base]    
   250 00000599 31DB                <1>     xor ebx, ebx
   251 0000059B 8B5808              <1>     mov ebx, dword [rax + 8]    ;Get bits 63...32
   252 0000059E 48C1E310            <1>     shl rbx, 10h    ;Push the high dword high
   253 000005A2 668B5806            <1>     mov bx, word [rax + 6]      ;Get bits 31...16
   254 000005A6 48C1E310            <1>     shl rbx, 10h    ;Push word 2 into posiiton
   255 000005AA 668B18              <1>     mov bx, word [rax]          ;Get bits 15...0
   256                              <1>     return
    13 000005AD C3                  <2>  ret
   257                              <1> 
   258                              <1> setIntVector:
   259                              <1> ;Called with:
   260                              <1> ;Interrupts Off!
   261                              <1> ;   rdx = Pointer to interrupt handler
   262                              <1> ;   al = Interrupt number
   263 000005AE 0F010D(4A000000)    <1>     sidt [pIDT]    ;Get the current IDT base pointer
   264 000005B5 0FB6C0              <1>     movzx eax, al
   265 000005B8 48C1E004            <1>     shl rax, 4h     ;Multiply IDT entry number by 16 (Size of IDT entry)
   266 000005BC 480305(4C000000)    <1>     add rax, qword [pIDT.base]    
   267 000005C3 668910              <1>     mov word [rax], dx  ;Get low word into offset 15...0
   268 000005C6 48C1EA10            <1>     shr rdx, 10h    ;Bring next word low
   269 000005CA 66895006            <1>     mov word [rax + 6], dx  ;Get low word into offset 31...16
   270 000005CE 48C1EA10            <1>     shr rdx, 10h    ;Bring last dword low
   271 000005D2 895008              <1>     mov dword [rax + 8], edx
   272                              <1>     return
    13 000005D5 C3                  <2>  ret
   273                              <1> 
   274                              <1> getPsdaPtr:
   275                              <1> ;Input: ecx = Number of the psda to get the pointer of!
   276                              <1> ;Output: rdi -> PSDA requested
   277 000005D6 488B3D(08000000)    <1>     mov rdi, qword [pPsdaTbl]
   278 000005DD 85C9                <1>     test ecx, ecx   ;Pick off the case where session number is 0.
   279                              <1>     retz
    23                              <2> cret z
    17 000005DF 7501                <3>  j%-1 short %%a
    18                              <3>  return
    13 000005E1 C3                  <4>  ret
    19                              <3> %%a:
   280 000005E2 50                  <1>     push rax
   281 000005E3 51                  <1>     push rcx
   282 000005E4 8B05(10000000)      <1>     mov eax, dword [dPsdaLen]
   283 000005EA F7E1                <1>     mul ecx 
   284 000005EC 4801C7              <1>     add rdi, rax
   285 000005EF 59                  <1>     pop rcx
   286 000005F0 58                  <1>     pop rax
   287                              <1>     return
    13 000005F1 C3                  <2>  ret
    10                                  %include "./src/text/shell.asm"
     1                              <1> ;This is the main Session Manager "interactive" shell.
     2                              <1> 
     3                              <1>     EXTERN sm$shlTOS
     4                              <1> 
     5                              <1> shellEntry:
     6                              <1> ;This is the entry stub into the SM shell!
     7 000005F2 488D25(00000000)    <1>     lea rsp, sm$shlTOS  ;Set now to internal shell stack! 
     8 000005F9 FB                  <1>     sti     ;Now reenable interrupts! We are safe to do so! 
     9                              <1> ;And fall through to the main print loop
    10                              <1> shellMain:
    11                              <1> ;The shell main routine prints the number of sessions,
    12                              <1> ; the program names.
    13 000005FA E831010000          <1>     call resetScreen
    14                              <1> ;Printing the screen header!
    15 000005FF 488D15(69030000)    <1>     lea rdx, ttlStr
    16 00000606 E873010000          <1>     call puts
    17 0000060B 488D15(82020000)    <1>     lea rdx, sessStr
    18 00000612 E867010000          <1>     call puts
    19 00000617 8B15(18000000)      <1>     mov edx, dword [dMaxSesIndx]    ;This is also number of USER sessions
    20 0000061D FFC2                <1>     inc edx     ;Add 1 to include the SM session
    21 0000061F 80C230              <1>     add dl, "0" ;Convert to ASCII char
    22 00000622 E84F010000          <1>     call putch
    23 00000627 E85A010000          <1>     call putNewline
    24 0000062C 488D15(31020000)    <1>     lea rdx, uline
    25 00000633 E846010000          <1>     call puts
    26 00000638 E849010000          <1>     call putNewline
    27                              <1> ;Printing the sessions.
    28 0000063D B230                <1>     mov dl, "0"
    29 0000063F E832010000          <1>     call putch
    30 00000644 488D15(CA020000)    <1>     lea rdx, colonStr
    31 0000064B E82E010000          <1>     call puts
    32 00000650 488D15(26030000)    <1>     lea rdx, sesManStr
    33 00000657 E822010000          <1>     call puts
    34 0000065C E825010000          <1>     call putNewline
    35                              <1> ;Now we print the name from each session's current PSP environment pointer.
    36 00000661 B901000000          <1>     mov ecx, 1  ;Start from this session number
    37                              <1> .printLp:
    38 00000666 89CA                <1>     mov edx, ecx
    39 00000668 80C230              <1>     add dl, "0" 
    40 0000066B E806010000          <1>     call putch
    41 00000670 488D15(CA020000)    <1>     lea rdx, colonStr
    42 00000677 E802010000          <1>     call puts
    43 0000067C 488D15(16030000)    <1>     lea rdx, waitStr    ;Now print the state of the session
    44 00000683 E8F6000000          <1>     call puts
    45                              <1>     ;Now get the string to print
    46 00000688 E849FFFFFF          <1>     call getPsdaPtr ;Get the psda ptr in rdi
    47 0000068D 488B97C0000000      <1>     mov rdx, qword [rdi + psda.sdaCopy + sda.currentPSP]    ;Get the PSPptr
    48 00000694 E8A3000000          <1>     call getProcName    ;Get the process name ptr for process of PSP in rdx
    49 00000699 730E                <1>     jnc .nameFound
    50 0000069B 488D15(4B030000)    <1>     lea rdx, noNameStr
    51 000006A2 E8D7000000          <1>     call puts
    52 000006A7 EB1A                <1>     jmp short .nextSession
    53                              <1> .nameFound:
    54 000006A9 4889D7              <1>     mov rdi, rdx    ;Copy the ptr here to get the len of the ASCIIZ string
    55 000006AC 51                  <1>     push rcx        ;Save the number of the psda we are at
    56 000006AD B812120000          <1>     mov eax, 1212h
    57 000006B2 CD2F                <1>     int 2Fh
    58                              <1>     ;ecx now has the string length + terminating null
    59                              <1>     ;rdx points to the ASCIIZ string
    60 000006B4 FFC9                <1>     dec ecx     ;Drop the terminating null
    61 000006B6 BB01000000          <1>     mov ebx, 1  ;STDOUT
    62 000006BB B800400000          <1>     mov eax, 4000h
    63 000006C0 CD21                <1>     int 21h
    64 000006C2 59                  <1>     pop rcx     ;Get back the psda number
    65                              <1> .nextSession:
    66 000006C3 E8BE000000          <1>     call putNewline
    67 000006C8 FFC1                <1>     inc ecx
    68 000006CA 390D(18000000)      <1>     cmp dword [dMaxSesIndx], ecx   ;Keep going until dMaxSesIndx < ecx
    69 000006D0 7394                <1>     jae .printLp
    70                              <1> ;All printing done, now wait for input from user
    71 000006D2 488D15(F4020000)    <1>     lea rdx, helpStr
    72 000006D9 E8A0000000          <1>     call puts
    73 000006DE 488D15(CD020000)    <1>     lea rdx, promptStr
    74 000006E5 E894000000          <1>     call puts
    75 000006EA 488D15(3D000000)    <1>     lea rdx, inStr
    76 000006F1 66C7020200          <1>     mov word [rdx], 0002h   ;Init the buffered string
    77 000006F6 B8000A0000          <1>     mov eax, 0A00h  ;Await buffered input
    78 000006FB CD21                <1>     int 21h
    79 000006FD 0FB64A02            <1>     movzx ecx, byte [rdx + 2]
    80 00000701 80F93F              <1>     cmp cl, "?"
    81 00000704 0F84F0FEFFFF        <1>     je shellMain
    82 0000070A 80F931              <1>     cmp cl, "1"
    83 0000070D 7215                <1>     jb badChoice
    84 0000070F 80F939              <1>     cmp cl, "9"
    85 00000712 7710                <1>     ja badChoice
    86 00000714 80E930              <1>     sub cl, "0"
    87 00000717 390D(18000000)      <1>     cmp dword [dMaxSesIndx], ecx
    88 0000071D 7205                <1>     jb badChoice
    89                              <1> ;Jump with with cl containing the new (valid) session number
    90 0000071F E949FDFFFF          <1>     jmp gotoSession 
    91                              <1> badChoice:
    92                              <1> ;Beep at the user and then reset the screen, show display!
    93 00000724 B207                <1>     mov dl, 07h ;Beep at the user (Do I want to do that?)
    94 00000726 E84B000000          <1>     call putch
    95 0000072B E9CAFEFFFF          <1>     jmp shellMain
    96                              <1> resetScreen:            ;Now reset the screen!
    97 00000730 B802000000          <1>     mov eax, 2          ;Driver Reset screen command!
    98 00000735 FF15(1C000000)      <1>     call qword [pConIOCtl]
    99                              <1>     return 
    13 0000073B C3                  <2>  ret
   100                              <1> 
   101                              <1> ;Shell handy routines
   102                              <1> getProcName:
   103                              <1> ;Input: rdx -> PSP pointer to find the task name for!
   104                              <1> ;Output: CF=NC: rdx -> Points to ASCIIZ process name
   105                              <1> ;        CF=CY: rdx = 0, Process name not found
   106                              <1> ;
   107                              <1> ;Here we search for the double 00 and then check if it is 0001 and
   108                              <1> ; pass the ptr to the word after.
   109 0000073C 488B523E            <1>     mov rdx, qword [rdx + psp.envPtr]   ;Get the environement pointer
   110 00000740 FA                  <1>     cli
   111 00000741 51                  <1>     push rcx
   112 00000742 31C9                <1>     xor ecx, ecx
   113 00000744 B9FF7F0000          <1>     mov ecx, 7FFFh  ;Max environment size
   114                              <1> .gep0:
   115 00000749 66813A0000          <1>     cmp word [rdx], 0   ;Zero word?
   116 0000074E 740D                <1>     je short .gep1
   117 00000750 48FFC2              <1>     inc rdx         ;Go to the next byte
   118 00000753 FFC9                <1>     dec ecx
   119 00000755 75F2                <1>     jnz short .gep0
   120                              <1> .gep00:
   121                              <1>     ;Failure here if we haven't hit the double null by the end of 32Kb
   122 00000757 59                  <1>     pop rcx
   123 00000758 31D2                <1>     xor edx, edx    ;Turn it into null pointer
   124 0000075A F9                  <1>     stc     ;Set CF
   125 0000075B EB17                <1>     jmp short .exit ;Exit reenabling the interrupts!
   126                              <1> .gep1:
   127 0000075D 4881C202000000      <1>     add rdx, 2  ;Skip the double null
   128 00000764 66813A0100          <1>     cmp word [rdx], 1   ;Check if one more string in environment
   129 00000769 75EC                <1>     jne .gep00
   130 0000076B 4881C202000000      <1>     add rdx, 2  ;Skip the 0001 word. Should always clear CF
   131 00000772 59                  <1>     pop rcx
   132 00000773 F8                  <1>     clc     ;Clear CF
   133                              <1> .exit:
   134 00000774 FB                  <1>     sti
   135                              <1>     return
    13 00000775 C3                  <2>  ret
   136                              <1> putch:
   137 00000776 B800020000          <1>     mov eax, 0200h
   138 0000077B CD21                <1>     int 21h
   139                              <1>     return
    13 0000077D C3                  <2>  ret
   140                              <1> puts:
   141 0000077E B800090000          <1>     mov eax, 0900h
   142 00000783 CD21                <1>     int 21h
   143                              <1>     return
    13 00000785 C3                  <2>  ret
   144                              <1> putNewline:
   145 00000786 488D15(2E020000)    <1>     lea rdx, newlineStr
   146 0000078D E9ECFFFFFF          <1>     jmp puts
   147                              <1> 
   148                              <1> ;------------------------------------------------------------
   149                              <1> ;Default SM Int 22h Handler
   150                              <1> ;------------------------------------------------------------
   151                              <1> ;If this is ever executed, the session will enter a special 
   152                              <1> ; state where the user is prompted to type in the name of
   153                              <1> ; the program to launch in this session. 
   154                              <1> ;For now, it will simply try and relaunch a program.
   155                              <1> ;For for now, it will simply print a string and freeze.
   156                              <1> ;This will never happen as no COMMAND.COM can be exited
   157                              <1> ; with the defaults we have set up.
   158                              <1> i22hHdlr:
   159 00000792 488D15(1B020000)    <1>     lea rdx, sesFrozStr
   160 00000799 B800090000          <1>     mov eax, 0900h
   161 0000079E CD21                <1>     int 21h
   162                              <1> .lp:
   163 000007A0 EBFE                <1>     jmp short .lp ;Enter an infinite loop
   164                              <1> 
   165                              <1> i22hShell:
   166                              <1> ;Simply reset the screen and print the info again!
   167 000007A2 E889FFFFFF          <1>     call resetScreen
   168 000007A7 E94EFEFFFF          <1>     jmp shellMain
   169                              <1> 
   170                              <1> i23hHdlr:
   171                              <1> ;Default i23 handler, relaunch the shell.
   172                              <1> ;Not doing so will reenter the call on a newline...
   173 000007AC F9                  <1>     stc
   174 000007AD C20800              <1>     ret 8
   175                              <1> i24hHdlr:
   176 000007B0 B003                <1>     mov al, 3   ;Always FAIL
   177                              <1> interruptExit:  ;Used to overwrite Int 2Eh
   178 000007B2 48CF                <1>     iretq
    11                                  
    12                                  Segment dseg data private align=16
    13                                  %include "./src/data/smdata.asm"
     1                              <1> 
     2 00000000 434D443D            <1> cmdStr      db "CMD="   ;String to search for in the environment
     3 00000004 413A5C434F4D4D414E- <1> dfltShell   db "A:\COMMAND.COM",0 ;Default session shell string
     3 0000000D 442E434F4D00        <1>
     4 00000013 413A5C444F535C434F- <1> dfltShell2  db "A:\DOS\COMMAND.COM",0    ;Str2 is str1 not present
     4 0000001C 4D4D414E442E434F4D- <1>
     4 00000025 00                  <1>
     5 00000026 0A2F50202F453A3230- <1> cmdTail     db 10, "/P /E:2048",CR   ;Default command tail, ensure an environment!
     5 0000002F 34380D              <1>
     6                              <1> 
     7                              <1> 
     8                              <1> ;Static Error Strings 
     9 00000032 4572726F7220303030- <1> bvStr       db "Error 0001: Invalid DOS Version.",CR,LF,"$"
     9 0000003B 313A20496E76616C69- <1>
     9 00000044 6420444F5320566572- <1>
     9 0000004D 73696F6E2E0D0A24    <1>
    10 00000055 4572726F7220303030- <1> noConStr    db "Error 0002: Invalid Console Driver",CR,LF,"$"
    10 0000005E 323A20496E76616C69- <1>
    10 00000067 6420436F6E736F6C65- <1>
    10 00000070 204472697665720D0A- <1>
    10 00000079 24                  <1>
    11 0000007A 4572726F7220303030- <1> noScreenStr db "Error 0003: Not enough screens",CR,LF,"$"
    11 00000083 333A204E6F7420656E- <1>
    11 0000008C 6F7567682073637265- <1>
    11 00000095 656E730D0A24        <1>
    12 0000009B 4572726F7220303030- <1> noMemStr    db "Error 0004: Not enough memory to start Session Manager",CR,LF,"$"
    12 000000A4 343A204E6F7420656E- <1>
    12 000000AD 6F756768206D656D6F- <1>
    12 000000B6 727920746F20737461- <1>
    12 000000BF 72742053657373696F- <1>
    12 000000C8 6E204D616E61676572- <1>
    12 000000D1 0D0A24              <1>
    13 000000D4 4572726F7220303030- <1> noCmdStr    db "Error 0005: Default command interpreter not found",CR,LF,"$"
    13 000000DD 353A2044656661756C- <1>
    13 000000E6 7420636F6D6D616E64- <1>
    13 000000EF 20696E746572707265- <1>
    13 000000F8 746572206E6F742066- <1>
    13 00000101 6F756E640D0A24      <1>
    14 00000108 4572726F7220303030- <1> noExecStr   db "Error 0006: Unable to start up session",CR,LF,
    14 00000111 363A20556E61626C65- <1>
    14 0000011A 20746F207374617274- <1>
    14 00000123 207570207365737369- <1>
    14 0000012C 6F6E0D0A            <1>
    15 00000130 202020202020202020- <1>             db "            It is recommended you restart your machine...",CR,LF,"$"
    15 00000139 202020497420697320- <1>
    15 00000142 7265636F6D6D656E64- <1>
    15 0000014B 656420796F75207265- <1>
    15 00000154 737461727420796F75- <1>
    15 0000015D 72206D616368696E65- <1>
    15 00000166 2E2E2E0D0A24        <1>
    16 0000016C 4572726F7220303030- <1> noIOCTLStr  db "Error 0007: Generic IOCTL error",CR,LF,"$"
    16 00000175 373A2047656E657269- <1>
    16 0000017E 6320494F43544C2065- <1>
    16 00000187 72726F720D0A24      <1>
    17 0000018E 4572726F7220303030- <1> noStdinStr  db "Error 0008: STDIN Redirected from CON device",CR,LF,"$"
    17 00000197 383A20535444494E20- <1>
    17 000001A0 526564697265637465- <1>
    17 000001A9 642066726F6D20434F- <1>
    17 000001B2 4E206465766963650D- <1>
    17 000001BB 0A24                <1>
    18 000001BD 4572726F7220303030- <1> noStdoutStr db "Error 0009: STDOUT Redirected from CON device",CR,LF,"$"
    18 000001C6 393A205354444F5554- <1>
    18 000001CF 205265646972656374- <1>
    18 000001D8 65642066726F6D2043- <1>
    18 000001E1 4F4E20646576696365- <1>
    18 000001EA 0D0A24              <1>
    19 000001ED 4572726F7220303031- <1> alrInstStr  db "Error 0010: Session Manager already running",CR,LF,"$"
    19 000001F6 303A2053657373696F- <1>
    19 000001FF 6E204D616E61676572- <1>
    19 00000208 20616C726561647920- <1>
    19 00000211 72756E6E696E670D0A- <1>
    19 0000021A 24                  <1>
    20                              <1> 
    21 0000021B 0D0A53657373696F6E- <1> sesFrozStr  db CR,LF,"Session Frozen",CR,LF,"$"
    21 00000224 2046726F7A656E0D0A- <1>
    21 0000022D 24                  <1>
    22                              <1> 
    23                              <1> ;Shell Strings
    24 0000022E 0D0A24              <1> newlineStr  db CR,LF,"$"
    25 00000231 2D2D2D2D2D2D2D2D2D- <1> uline       db 80 dup ("-"),"$"
    25 0000023A 2D2D2D2D2D2D2D2D2D- <1>
    25 00000243 2D2D2D2D2D2D2D2D2D- <1>
    25 0000024C 2D2D2D2D2D2D2D2D2D- <1>
    25 00000255 2D2D2D2D2D2D2D2D2D- <1>
    25 0000025E 2D2D2D2D2D2D2D2D2D- <1>
    25 00000267 2D2D2D2D2D2D2D2D2D- <1>
    25 00000270 2D2D2D2D2D2D2D2D2D- <1>
    25 00000279 2D2D2D2D2D2D2D2D24  <1>
    26 00000282 202020202020202020- <1> sessStr     db 9 dup (SPC), "Current Sessions", 29 dup (SPC)
    26 0000028B 43757272656E742053- <1>
    26 00000294 657373696F6E732020- <1>
    26 0000029D 202020202020202020- <1>
    26 000002A6 202020202020202020- <1>
    26 000002AF 202020202020202020  <1>
    27 000002B8 4E756D626572206F66- <1> numSesStr   db "Number of sessions"
    27 000002C1 2073657373696F6E73  <1>
    28 000002CA 3A2024              <1> colonStr    db ": $"
    29                              <1> 
    30 000002CD 456E74657220796F75- <1> promptStr   db "Enter your desired session number...> $"
    30 000002D6 722064657369726564- <1>
    30 000002DF 2073657373696F6E20- <1>
    30 000002E8 6E756D6265722E2E2E- <1>
    30 000002F1 3E2024              <1>
    31 000002F4 0D0A0A537472696B65- <1> helpStr     db CR,LF,LF,"Strike ? to reset the screen",CR,LF,"$"
    31 000002FD 203F20746F20726573- <1>
    31 00000306 657420746865207363- <1>
    31 0000030F 7265656E0D0A24      <1>
    32                              <1> ;Session default process names
    33 00000316 5B576169745D2024    <1> waitStr     db "[Wait] $"
    34 0000031E 5B457869745D2024    <1> deadStr     db "[Exit] $"
    35 00000326 5B52756E5D20205343- <1> sesManStr   db "[Run]  SCP/DOS Session Manager Shell$"
    35 0000032F 502F444F5320536573- <1>
    35 00000338 73696F6E204D616E61- <1>
    35 00000341 676572205368656C6C- <1>
    35 0000034A 24                  <1>
    36 0000034B 53455353494F4E2053- <1> noNameStr   db        "SESSION SHELL (COMMAND.COM ?)$"
    36 00000354 48454C4C2028434F4D- <1>
    36 0000035D 4D414E442E434F4D20- <1>
    36 00000366 3F2924              <1>
    37 00000369 202020202020202020- <1> ttlStr      db 28 dup (SPC), "SCP/DOS Session Manager",CR,LF,LF,"$"
    37 00000372 202020202020202020- <1>
    37 0000037B 202020202020202020- <1>
    37 00000384 205343502F444F5320- <1>
    37 0000038D 53657373696F6E204D- <1>
    37 00000396 616E616765720D0A0A- <1>
    37 0000039F 24                  <1>
    14                                  
    15                                  Segment bseg bss public align=16
    16                                  %include "./src/data/smbss.asm"
     1                              <1> ;Uninitialised data goes here
     2                              <1> 
     3                              <1> ;Write Once variables, ALL SET UP.
     4 00000000 ????????????????    <1> pDosSda     dq ?    ;Pointer to the DOS SDA
     5 00000008 ????????????????    <1> pPsdaTbl    dq ?    ;Pointer to the Per-Session data area table
     6 00000010 ????????            <1> dPsdaLen    dd ?    ;Length of each psda
     7 00000014 ????????            <1> dSdaLen     dd ?    ;Use the longer length. Change this in the future...
     8 00000018 ????????            <1> dMaxSesIndx dd ?    ;Maximum session index! Max Session number = 7
     9 0000001C ????????????????    <1> pConIOCtl   dq ?    ;Ptr to the direct Console IOCtl routine
    10                              <1> 
    11                              <1> ;The below is a temp var until we make a good routine for if the 
    12                              <1> ; top level program of a session exits
    13 00000024 ????????????????    <1> pCmdShell   dq ?    ;Pointer to the command shell to launch
    14                              <1> 
    15                              <1> ;Session management data
    16 0000002C ????????            <1> dCurSess    dd ?    ;Offset into psda tbl.
    17 00000030 ????????????????    <1> pCurSess    dq ?    ;Ptr to current session. if equal to pPsdaTbl then in SM.
    18 00000038 ????????            <1> sesLock     db critLock_size dup (?)    ;Critical section lock
    19 0000003C ??                  <1> bDefFlg     db ?    ;If set, defered session swap flag set! 
    20                              <1> 
    21                              <1> 
    22                              <1> ;Shell to launch on sessions. 
    23                              <1> ;Read from the CMD= string in the environment or passed by cmd line argument.
    24 0000003D ??????????          <1> inStr       db 5 dup (?)
    25                              <1> ;newShell    db 67 dup (?) 
    26 00000042 ????????????????    <1> oldInt2Fh   dq ?
    27                              <1> 
    28                              <1> pIDT:
    29 0000004A ????                <1>     .limit  dw ?
    30 0000004C ????????????????    <1>     .base   dq ?
    17                                  
    18                                  Segment sseg$int bss stack align=16
    19                                  ;This is the interrupt handlers' default stack. Only used during 
    20                                  ; session swaps so it is ok (Interrupts are off).
    21 00000000 <res 100h>                  dq 20h dup (?)   ;32 qword stack is fine for this!
    22                                  Segment sseg$shl bss stack align=16
    23 00000000 <res 1000h>                 dq 200h dup (?)  ;Total 4K stack is fine
    23          ------------------       info: assembly required 1+1+2 passes
 [--info=1]
